09:55:38 **** Build of configuration Debug for project Q6_led_toggle_wo_fn.c ****
make -j12 all 
arm-none-eabi-gcc -mcpu=cortex-m4 -g3 -DDEBUG -c -x assembler-with-cpp -MMD -MP -MF"Startup/startup_stm32f407vgtx.d" -MT"Startup/startup_stm32f407vgtx.o" --specs=nano.specs -mfpu=fpv4-sp-d16 -mfloat-abi=hard -mthumb -o "Startup/startup_stm32f407vgtx.o" "../Startup/startup_stm32f407vgtx.s"
arm-none-eabi-gcc "../Src/itm.c" -mcpu=cortex-m4 -std=gnu11 -g3 -DDEBUG -DSTM32 -DSTM32F407G_DISC1 -DSTM32F4 -DSTM32F407VGTx -c -I../Inc -O0 -ffunction-sections -fdata-sections -Wall -fstack-usage -fcyclomatic-complexity -MMD -MP -MF"Src/itm.d" -MT"Src/itm.o" --specs=nano.specs -mfpu=fpv4-sp-d16 -mfloat-abi=hard -mthumb -o "Src/itm.o"
arm-none-eabi-gcc "../Src/main.c" -mcpu=cortex-m4 -std=gnu11 -g3 -DDEBUG -DSTM32 -DSTM32F407G_DISC1 -DSTM32F4 -DSTM32F407VGTx -c -I../Inc -O0 -ffunction-sections -fdata-sections -Wall -fstack-usage -fcyclomatic-complexity -MMD -MP -MF"Src/main.d" -MT"Src/main.o" --specs=nano.specs -mfpu=fpv4-sp-d16 -mfloat-abi=hard -mthumb -o "Src/main.o"
arm-none-eabi-gcc "../Src/syscalls.c" -mcpu=cortex-m4 -std=gnu11 -g3 -DDEBUG -DSTM32 -DSTM32F407G_DISC1 -DSTM32F4 -DSTM32F407VGTx -c -I../Inc -O0 -ffunction-sections -fdata-sections -Wall -fstack-usage -fcyclomatic-complexity -MMD -MP -MF"Src/syscalls.d" -MT"Src/syscalls.o" --specs=nano.specs -mfpu=fpv4-sp-d16 -mfloat-abi=hard -mthumb -o "Src/syscalls.o"
arm-none-eabi-gcc "../Src/sysmem.c" -mcpu=cortex-m4 -std=gnu11 -g3 -DDEBUG -DSTM32 -DSTM32F407G_DISC1 -DSTM32F4 -DSTM32F407VGTx -c -I../Inc -O0 -ffunction-sections -fdata-sections -Wall -fstack-usage -fcyclomatic-complexity -MMD -MP -MF"Src/sysmem.d" -MT"Src/sysmem.o" --specs=nano.specs -mfpu=fpv4-sp-d16 -mfloat-abi=hard -mthumb -o "Src/sysmem.o"
arm-none-eabi-gcc "../Src/system_stm32f4xx.c" -mcpu=cortex-m4 -std=gnu11 -g3 -DDEBUG -DSTM32 -DSTM32F407G_DISC1 -DSTM32F4 -DSTM32F407VGTx -c -I../Inc -O0 -ffunction-sections -fdata-sections -Wall -fstack-usage -fcyclomatic-complexity -MMD -MP -MF"Src/system_stm32f4xx.d" -MT"Src/system_stm32f4xx.o" --specs=nano.specs -mfpu=fpv4-sp-d16 -mfloat-abi=hard -mthumb -o "Src/system_stm32f4xx.o"
../Src/main.c:27:4: warning: #warning "FPU is not initialized, but the project is compiling for an FPU. Please initialize the FPU before use." [-Wcpp]
   27 |   #warning "FPU is not initialized, but the project is compiling for an FPU. Please initialize the FPU before use."
      |    ^~~~~~~
arm-none-eabi-gcc -o "Q6_led_toggle_wo_fn.c.elf" @"objects.list"   -mcpu=cortex-m4 -T"C:\Users\shrey\OneDrive\Desktop\Sunbeam data\INTERNSHIP WORKSPACE\Q6_led_toggle_wo_fn.c\STM32F407VGTX_FLASH.ld" --specs=nosys.specs -Wl,-Map="Q6_led_toggle_wo_fn.c.map" -Wl,--gc-sections -static --specs=nano.specs -mfpu=fpv4-sp-d16 -mfloat-abi=hard -mthumb -Wl,--start-group -lc -lm -Wl,--end-group
Finished building target: Q6_led_toggle_wo_fn.c.elf
 
arm-none-eabi-size  Q6_led_toggle_wo_fn.c.elf 
arm-none-eabi-objdump -h -S Q6_led_toggle_wo_fn.c.elf  > "Q6_led_toggle_wo_fn.c.list"
   text	   data	    bss	    dec	    hex	filename
    920	      0	   1568	   2488	    9b8	Q6_led_toggle_wo_fn.c.elf
Finished building: default.size.stdout
 
Finished building: Q6_led_toggle_wo_fn.c.list
 
09:55:59 **** Incremental Build of configuration Debug for project Q6_led_toggle_wo_fn.c ****
make -j12 all 
arm-none-eabi-size  Q6_led_toggle_wo_fn.c.elf 
   text	   data	    bss	    dec	    hex	filename
    920	      0	   1568	   2488	    9b8	Q6_led_toggle_wo_fn.c.elf
Finished building: default.size.stdout
 
09:56:42 **** Incremental Build of configuration Debug for project Q6_led_toggle_wo_fn.c ****
make -j12 all 
arm-none-eabi-gcc "../Src/main.c" -mcpu=cortex-m4 -std=gnu11 -g3 -DDEBUG -DSTM32 -DSTM32F407G_DISC1 -DSTM32F4 -DSTM32F407VGTx -c -I../Inc -O0 -ffunction-sections -fdata-sections -Wall -fstack-usage -fcyclomatic-complexity -MMD -MP -MF"Src/main.d" -MT"Src/main.o" --specs=nano.specs -mfpu=fpv4-sp-d16 -mfloat-abi=hard -mthumb -o "Src/main.o"
../Src/main.c:27:4: warning: #warning "FPU is not initialized, but the project is compiling for an FPU. Please initialize the FPU before use." [-Wcpp]
   27 |   #warning "FPU is not initialized, but the project is compiling for an FPU. Please initialize the FPU before use."
      |    ^~~~~~~
arm-none-eabi-gcc -o "Q6_led_toggle_wo_fn.c.elf" @"objects.list"   -mcpu=cortex-m4 -T"C:\Users\shrey\OneDrive\Desktop\Sunbeam data\INTERNSHIP WORKSPACE\Q6_led_toggle_wo_fn.c\STM32F407VGTX_FLASH.ld" --specs=nosys.specs -Wl,-Map="Q6_led_toggle_wo_fn.c.map" -Wl,--gc-sections -static --specs=nano.specs -mfpu=fpv4-sp-d16 -mfloat-abi=hard -mthumb -Wl,--start-group -lc -lm -Wl,--end-group
Finished building target: Q6_led_toggle_wo_fn.c.elf
 
arm-none-eabi-size  Q6_led_toggle_wo_fn.c.elf 
arm-none-eabi-objdump -h -S Q6_led_toggle_wo_fn.c.elf  > "Q6_led_toggle_wo_fn.c.list"
   text	   data	    bss	    dec	    hex	filename
   1008	      4	   1564	   2576	    a10	Q6_led_toggle_wo_fn.c.elf
Finished building: default.size.stdout
 
Finished building: Q6_led_toggle_wo_fn.c.list
 
09:57:06 **** Incremental Build of configuration Debug for project Q6_led_toggle_wo_fn.c ****
make -j12 all 
arm-none-eabi-size  Q6_led_toggle_wo_fn.c.elf 
   text	   data	    bss	    dec	    hex	filename
   1008	      4	   1564	   2576	    a10	Q6_led_toggle_wo_fn.c.elf
Finished building: default.size.stdout
 
10:21:53 **** Build of configuration Debug for project Sum.c ****
make -j12 all 
arm-none-eabi-gcc "../Src/main.c" -mcpu=cortex-m4 -std=gnu11 -g3 -DDEBUG -DSTM32 -DSTM32F407G_DISC1 -DSTM32F4 -DSTM32F407VGTx -c -I../Inc -O0 -ffunction-sections -fdata-sections -Wall -fstack-usage -fcyclomatic-complexity -MMD -MP -MF"Src/main.d" -MT"Src/main.o" --specs=nano.specs -mfpu=fpv4-sp-d16 -mfloat-abi=soft -mthumb -o "Src/main.o"
arm-none-eabi-gcc -o "Sum.c.elf" @"objects.list"   -mcpu=cortex-m4 -T"C:\Users\shrey\OneDrive\Desktop\Sunbeam data\INTERNSHIP WORKSPACE\Sum.c\STM32F407VGTX_FLASH.ld" --specs=nosys.specs -Wl,-Map="Sum.c.map" -Wl,--gc-sections -static --specs=nano.specs -mfpu=fpv4-sp-d16 -mfloat-abi=soft -mthumb -Wl,--start-group -lc -lm -Wl,--end-group
Finished building target: Sum.c.elf
 
arm-none-eabi-size  Sum.c.elf 
arm-none-eabi-objdump -h -S Sum.c.elf  > "Sum.c.list"
   text	   data	    bss	    dec	    hex	filename
   5012	     92	   1900	   7004	   1b5c	Sum.c.elf
Finished building: default.size.stdout
 
Finished building: Sum.c.list
 
10:33:44 **** Incremental Build of configuration Debug for project Sum.c ****
make -j12 all 
arm-none-eabi-size  Sum.c.elf 
   text	   data	    bss	    dec	    hex	filename
   5012	     92	   1900	   7004	   1b5c	Sum.c.elf
Finished building: default.size.stdout
 
