14:48:08 **** Incremental Build of configuration Debug for project alternate_led.c ****
make -j12 all 
arm-none-eabi-gcc "../Src/main.c" -mcpu=cortex-m4 -std=gnu11 -g3 -DDEBUG -DSTM32 -DSTM32F407G_DISC1 -DSTM32F4 -DSTM32F407VGTx -c -I../Inc -O0 -ffunction-sections -fdata-sections -Wall -fstack-usage -fcyclomatic-complexity -MMD -MP -MF"Src/main.d" -MT"Src/main.o" --specs=nano.specs -mfpu=fpv4-sp-d16 -mfloat-abi=hard -mthumb -o "Src/main.o"
../Src/main.c:27:4: warning: #warning "FPU is not initialized, but the project is compiling for an FPU. Please initialize the FPU before use." [-Wcpp]
   27 |   #warning "FPU is not initialized, but the project is compiling for an FPU. Please initialize the FPU before use."
      |    ^~~~~~~
arm-none-eabi-gcc -o "alternate_led.c.elf" @"objects.list"   -mcpu=cortex-m4 -T"C:\Users\shrey\OneDrive\Desktop\Sunbeam data\INTERNSHIP WORKSPACE\alternate_led.c\STM32F407VGTX_FLASH.ld" --specs=nosys.specs -Wl,-Map="alternate_led.c.map" -Wl,--gc-sections -static --specs=nano.specs -mfpu=fpv4-sp-d16 -mfloat-abi=hard -mthumb -Wl,--start-group -lc -lm -Wl,--end-group
Finished building target: alternate_led.c.elf
 
arm-none-eabi-size  alternate_led.c.elf 
arm-none-eabi-objdump -h -S alternate_led.c.elf  > "alternate_led.c.list"
   text	   data	    bss	    dec	    hex	filename
   1096	      4	   1564	   2664	    a68	alternate_led.c.elf
Finished building: default.size.stdout
 
Finished building: alternate_led.c.list
 

14:48:09 Build Finished. 0 errors, 1 warnings. (took 846ms)

