Archive member included to satisfy reference by file (symbol)

C:/ST/STM32CubeIDE_1.19.0/STM32CubeIDE/plugins/com.st.stm32cube.ide.mcu.externaltools.gnu-tools-for-stm32.13.3.rel1.win32_1.0.0.202411081344/tools/bin/../lib/gcc/arm-none-eabi/13.3.1/../../../../arm-none-eabi/lib/thumb/v7e-m/nofp\libc_nano.a(libc_a-exit.o)
                              C:/ST/STM32CubeIDE_1.19.0/STM32CubeIDE/plugins/com.st.stm32cube.ide.mcu.externaltools.gnu-tools-for-stm32.13.3.rel1.win32_1.0.0.202411081344/tools/bin/../lib/gcc/arm-none-eabi/13.3.1/../../../../arm-none-eabi/lib/thumb/v7e-m/nofp/crt0.o (exit)
C:/ST/STM32CubeIDE_1.19.0/STM32CubeIDE/plugins/com.st.stm32cube.ide.mcu.externaltools.gnu-tools-for-stm32.13.3.rel1.win32_1.0.0.202411081344/tools/bin/../lib/gcc/arm-none-eabi/13.3.1/../../../../arm-none-eabi/lib/thumb/v7e-m/nofp\libc_nano.a(libc_a-findfp.o)
                              C:/ST/STM32CubeIDE_1.19.0/STM32CubeIDE/plugins/com.st.stm32cube.ide.mcu.externaltools.gnu-tools-for-stm32.13.3.rel1.win32_1.0.0.202411081344/tools/bin/../lib/gcc/arm-none-eabi/13.3.1/../../../../arm-none-eabi/lib/thumb/v7e-m/nofp\libc_nano.a(libc_a-exit.o) (__stdio_exit_handler)
C:/ST/STM32CubeIDE_1.19.0/STM32CubeIDE/plugins/com.st.stm32cube.ide.mcu.externaltools.gnu-tools-for-stm32.13.3.rel1.win32_1.0.0.202411081344/tools/bin/../lib/gcc/arm-none-eabi/13.3.1/../../../../arm-none-eabi/lib/thumb/v7e-m/nofp\libc_nano.a(libc_a-fwalk.o)
                              C:/ST/STM32CubeIDE_1.19.0/STM32CubeIDE/plugins/com.st.stm32cube.ide.mcu.externaltools.gnu-tools-for-stm32.13.3.rel1.win32_1.0.0.202411081344/tools/bin/../lib/gcc/arm-none-eabi/13.3.1/../../../../arm-none-eabi/lib/thumb/v7e-m/nofp\libc_nano.a(libc_a-findfp.o) (_fwalk_sglue)
C:/ST/STM32CubeIDE_1.19.0/STM32CubeIDE/plugins/com.st.stm32cube.ide.mcu.externaltools.gnu-tools-for-stm32.13.3.rel1.win32_1.0.0.202411081344/tools/bin/../lib/gcc/arm-none-eabi/13.3.1/../../../../arm-none-eabi/lib/thumb/v7e-m/nofp\libc_nano.a(libc_a-stdio.o)
                              C:/ST/STM32CubeIDE_1.19.0/STM32CubeIDE/plugins/com.st.stm32cube.ide.mcu.externaltools.gnu-tools-for-stm32.13.3.rel1.win32_1.0.0.202411081344/tools/bin/../lib/gcc/arm-none-eabi/13.3.1/../../../../arm-none-eabi/lib/thumb/v7e-m/nofp\libc_nano.a(libc_a-findfp.o) (__sread)
C:/ST/STM32CubeIDE_1.19.0/STM32CubeIDE/plugins/com.st.stm32cube.ide.mcu.externaltools.gnu-tools-for-stm32.13.3.rel1.win32_1.0.0.202411081344/tools/bin/../lib/gcc/arm-none-eabi/13.3.1/../../../../arm-none-eabi/lib/thumb/v7e-m/nofp\libc_nano.a(libc_a-memset.o)
                              C:/ST/STM32CubeIDE_1.19.0/STM32CubeIDE/plugins/com.st.stm32cube.ide.mcu.externaltools.gnu-tools-for-stm32.13.3.rel1.win32_1.0.0.202411081344/tools/bin/../lib/gcc/arm-none-eabi/13.3.1/../../../../arm-none-eabi/lib/thumb/v7e-m/nofp/crt0.o (memset)
C:/ST/STM32CubeIDE_1.19.0/STM32CubeIDE/plugins/com.st.stm32cube.ide.mcu.externaltools.gnu-tools-for-stm32.13.3.rel1.win32_1.0.0.202411081344/tools/bin/../lib/gcc/arm-none-eabi/13.3.1/../../../../arm-none-eabi/lib/thumb/v7e-m/nofp\libc_nano.a(libc_a-closer.o)
                              C:/ST/STM32CubeIDE_1.19.0/STM32CubeIDE/plugins/com.st.stm32cube.ide.mcu.externaltools.gnu-tools-for-stm32.13.3.rel1.win32_1.0.0.202411081344/tools/bin/../lib/gcc/arm-none-eabi/13.3.1/../../../../arm-none-eabi/lib/thumb/v7e-m/nofp\libc_nano.a(libc_a-stdio.o) (_close_r)
C:/ST/STM32CubeIDE_1.19.0/STM32CubeIDE/plugins/com.st.stm32cube.ide.mcu.externaltools.gnu-tools-for-stm32.13.3.rel1.win32_1.0.0.202411081344/tools/bin/../lib/gcc/arm-none-eabi/13.3.1/../../../../arm-none-eabi/lib/thumb/v7e-m/nofp\libc_nano.a(libc_a-reent.o)
                              C:/ST/STM32CubeIDE_1.19.0/STM32CubeIDE/plugins/com.st.stm32cube.ide.mcu.externaltools.gnu-tools-for-stm32.13.3.rel1.win32_1.0.0.202411081344/tools/bin/../lib/gcc/arm-none-eabi/13.3.1/../../../../arm-none-eabi/lib/thumb/v7e-m/nofp\libc_nano.a(libc_a-closer.o) (errno)
C:/ST/STM32CubeIDE_1.19.0/STM32CubeIDE/plugins/com.st.stm32cube.ide.mcu.externaltools.gnu-tools-for-stm32.13.3.rel1.win32_1.0.0.202411081344/tools/bin/../lib/gcc/arm-none-eabi/13.3.1/../../../../arm-none-eabi/lib/thumb/v7e-m/nofp\libc_nano.a(libc_a-impure.o)
                              C:/ST/STM32CubeIDE_1.19.0/STM32CubeIDE/plugins/com.st.stm32cube.ide.mcu.externaltools.gnu-tools-for-stm32.13.3.rel1.win32_1.0.0.202411081344/tools/bin/../lib/gcc/arm-none-eabi/13.3.1/../../../../arm-none-eabi/lib/thumb/v7e-m/nofp\libc_nano.a(libc_a-reent.o) (_impure_ptr)
C:/ST/STM32CubeIDE_1.19.0/STM32CubeIDE/plugins/com.st.stm32cube.ide.mcu.externaltools.gnu-tools-for-stm32.13.3.rel1.win32_1.0.0.202411081344/tools/bin/../lib/gcc/arm-none-eabi/13.3.1/../../../../arm-none-eabi/lib/thumb/v7e-m/nofp\libc_nano.a(libc_a-lseekr.o)
[...]
Memory Configuration

Name             Origin             Length             Attributes
CCMRAM           0x10000000         0x00010000         xrw
RAM              0x20000000         0x00020000         xrw
FLASH            0x08000000         0x00100000         xr
*default*        0x00000000         0xffffffff

Linker script and memory map

LOAD C:/ST/STM32CubeIDE_1.19.0/STM32CubeIDE/plugins/com.st.stm32cube.ide.mcu.externaltools.gnu-tools-for-stm32.13.3.rel1.win32_1.0.0.202411081344/tools/bin/../lib/gcc/arm-none-eabi/13.3.1/thumb/v7e-m/nofp/crti.o
LOAD C:/ST/STM32CubeIDE_1.19.0/STM32CubeIDE/plugins/com.st.stm32cube.ide.mcu.externaltools.gnu-tools-for-stm32.13.3.rel1.win32_1.0.0.202411081344/tools/bin/../lib/gcc/arm-none-eabi/13.3.1/thumb/v7e-m/nofp/crtbegin.o
LOAD C:/ST/STM32CubeIDE_1.19.0/STM32CubeIDE/plugins/com.st.stm32cube.ide.mcu.externaltools.gnu-tools-for-stm32.13.3.rel1.win32_1.0.0.202411081344/tools/bin/../lib/gcc/arm-none-eabi/13.3.1/../../../../arm-none-eabi/lib/thumb/v7e-m/nofp/crt0.o
LOAD ./Src/itm.o
LOAD ./Src/main.o
LOAD ./Src/my_led_seq.o
LOAD ./Src/my_switch.o
LOAD ./Src/syscalls.o
LOAD ./Src/sysmem.o
LOAD ./Src/system_stm32f4xx.o
LOAD ./Startup/startup_stm32f407vgtx.o
START GROUP
LOAD C:/ST/STM32CubeIDE_1.19.0/STM32CubeIDE/plugins/com.st.stm32cube.ide.mcu.externaltools.gnu-tools-for-stm32.13.3.rel1.win32_1.0.0.202411081344/tools/bin/../lib/gcc/arm-none-eabi/13.3.1/../../../../arm-none-eabi/lib/thumb/v7e-m/nofp\libc_nano.a
LOAD C:/ST/STM32CubeIDE_1.19.0/STM32CubeIDE/plugins/com.st.stm32cube.ide.mcu.externaltools.gnu-tools-for-stm32.13.3.rel1.win32_1.0.0.202411081344/tools/bin/../lib/gcc/arm-none-eabi/13.3.1/../../../../arm-none-eabi/lib/thumb/v7e-m/nofp\libm.a
END GROUP
START GROUP
LOAD C:/ST/STM32CubeIDE_1.19.0/STM32CubeIDE/plugins/com.st.stm32cube.ide.mcu.externaltools.gnu-tools-for-stm32.13.3.rel1.win32_1.0.0.202411081344/tools/bin/../lib/gcc/arm-none-eabi/13.3.1/thumb/v7e-m/nofp\libgcc.a
LOAD C:/ST/STM32CubeIDE_1.19.0/STM32CubeIDE/plugins/com.st.stm32cube.ide.mcu.externaltools.gnu-tools-for-stm32.13.3.rel1.win32_1.0.0.202411081344/tools/bin/../lib/gcc/arm-none-eabi/13.3.1/../../../../arm-none-eabi/lib/thumb/v7e-m/nofp\libc_nano.a
END GROUP
START GROUP
LOAD C:/ST/STM32CubeIDE_1.19.0/STM32CubeIDE/plugins/com.st.stm32cube.ide.mcu.externaltools.gnu-tools-for-stm32.13.3.rel1.win32_1.0.0.202411081344/tools/bin/../lib/gcc/arm-none-eabi/13.3.1/thumb/v7e-m/nofp\libgcc.a
LOAD C:/ST/STM32CubeIDE_1.19.0/STM32CubeIDE/plugins/com.st.stm32cube.ide.mcu.externaltools.gnu-tools-for-stm32.13.3.rel1.win32_1.0.0.202411081344/tools/bin/../lib/gcc/arm-none-eabi/13.3.1/../../../../arm-none-eabi/lib/thumb/v7e-m/nofp\libc_nano.a
LOAD C:/ST/STM32CubeIDE_1.19.0/STM32CubeIDE/plugins/com.st.stm32cube.ide.mcu.externaltools.gnu-tools-for-stm32.13.3.rel1.win32_1.0.0.202411081344/tools/bin/../lib/gcc/arm-none-eabi/13.3.1/../../../../arm-none-eabi/lib/thumb/v7e-m/nofp\libnosys.a
END GROUP
START GROUP
LOAD C:/ST/STM32CubeIDE_1.19.0/STM32CubeIDE/plugins/com.st.stm32cube.ide.mcu.externaltools.gnu-tools-for-stm32.13.3.rel1.win32_1.0.0.202411081344/tools/bin/../lib/gcc/arm-none-eabi/13.3.1/thumb/v7e-m/nofp\libgcc.a
LOAD C:/ST/STM32CubeIDE_1.19.0/STM32CubeIDE/plugins/com.st.stm32cube.ide.mcu.externaltools.gnu-tools-for-stm32.13.3.rel1.win32_1.0.0.202411081344/tools/bin/../lib/gcc/arm-none-eabi/13.3.1/../../../../arm-none-eabi/lib/thumb/v7e-m/nofp\libc_nano.a
LOAD C:/ST/STM32CubeIDE_1.19.0/STM32CubeIDE/plugins/com.st.stm32cube.ide.mcu.externaltools.gnu-tools-for-stm32.13.3.rel1.win32_1.0.0.202411081344/tools/bin/../lib/gcc/arm-none-eabi/13.3.1/../../../../arm-none-eabi/lib/thumb/v7e-m/nofp\libnosys.a
END GROUP
LOAD C:/ST/STM32CubeIDE_1.19.0/STM32CubeIDE/plugins/com.st.stm32cube.ide.mcu.externaltools.gnu-tools-for-stm32.13.3.rel1.win32_1.0.0.202411081344/tools/bin/../lib/gcc/arm-none-eabi/13.3.1/thumb/v7e-m/nofp/crtend.o
LOAD C:/ST/STM32CubeIDE_1.19.0/STM32CubeIDE/plugins/com.st.stm32cube.ide.mcu.externaltools.gnu-tools-for-stm32.13.3.rel1.win32_1.0.0.202411081344/tools/bin/../lib/gcc/arm-none-eabi/13.3.1/thumb/v7e-m/nofp/crtn.o
                0x20020000                        _estack = (ORIGIN (RAM) + LENGTH (RAM))
                0x00000200                        _Min_Heap_Size = 0x200
                0x00000400                        _Min_Stack_Size = 0x400

.isr_vector     0x08000000      0x188
                0x08000000                        . = ALIGN (0x4)
 *(.isr_vector)
 .isr_vector    0x08000000      0x188 ./Startup/startup_stm32f407vgtx.o
                0x08000000                g_pfnVectors
                0x08000188                        . = ALIGN (0x4)

.text           0x08000188      0x314
                0x08000188                        . = ALIGN (0x4)
 *(.text)
 .text          0x08000188       0x40 C:/ST/STM32CubeIDE_1.19.0/STM32CubeIDE/plugins/com.st.stm32cube.ide.mcu.externaltools.gnu-tools-for-stm32.13.3.rel1.win32_1.0.0.202411081344/tools/bin/../lib/gcc/arm-none-eabi/13.3.1/thumb/v7e-m/nofp/crtbegin.o
 *(.text*)
 .text.delay_ms
                0x080001c8       0x24 ./Src/main.o
                0x080001c8                delay_ms
 .text.main     0x080001ec       0x6e ./Src/main.o
                0x080001ec                main
 *fill*         0x0800025a        0x2 
 .text.GPIO_Init
                0x0800025c       0x84 ./Src/my_led_seq.o
                0x0800025c                GPIO_Init
 .text.Read_Switch
                0x080002e0       0x24 ./Src/my_led_seq.o
                0x080002e0                Read_Switch
 .text.Green_LED_On
                0x08000304       0x28 ./Src/my_led_seq.o
                0x08000304                Green_LED_On
 .text.Blue_LED_On
                0x0800032c       0x28 ./Src/my_led_seq.o
                0x0800032c                Blue_LED_On
 .text.All_LED_Off
                0x08000354       0x28 ./Src/my_led_seq.o
                0x08000354                All_LED_Off
 .text.SystemInit
                0x0800037c        0xc ./Src/system_stm32f4xx.o
                0x0800037c                SystemInit
 .text.DWT_Init
                0x08000388       0x60 ./Src/system_stm32f4xx.o
                0x08000388                DWT_Init
 .text.Reset_Handler
                0x080003e8       0x50 ./Startup/startup_stm32f407vgtx.o
                0x080003e8                Reset_Handler
 .text.Default_Handler
                0x08000438        0x2 ./Startup/startup_stm32f407vgtx.o
                0x08000438                RTC_Alarm_IRQHandler
                0x08000438                HASH_RNG_IRQHandler
                0x08000438                EXTI2_IRQHandler
                0x08000438                TIM8_CC_IRQHandler
                0x08000438                DebugMon_Handler
                0x08000438                TIM1_CC_IRQHandler
                0x08000438                DMA2_Stream5_IRQHandler
                0x08000438                HardFault_Handler
                0x08000438                DMA1_Stream5_IRQHandler
                0x08000438                SysTick_Handler
                0x08000438                PVD_IRQHandler
                0x08000438                SDIO_IRQHandler
                0x08000438                TAMP_STAMP_IRQHandler
                0x08000438                PendSV_Handler
                0x08000438                NMI_Handler
                0x08000438                CAN2_RX1_IRQHandler
                0x08000438                EXTI3_IRQHandler
                0x08000438                TIM8_TRG_COM_TIM14_IRQHandler
                0x08000438                TIM1_UP_TIM10_IRQHandler
                0x08000438                TIM8_UP_TIM13_IRQHandler
                0x08000438                I2C3_ER_IRQHandler
                0x08000438                EXTI0_IRQHandler
                0x08000438                I2C2_EV_IRQHandler
                0x08000438                DMA1_Stream2_IRQHandler
                0x08000438                CAN1_RX0_IRQHandler
                0x08000438                FPU_IRQHandler
                0x08000438                OTG_HS_WKUP_IRQHandler
                0x08000438                UsageFault_Handler
                0x08000438                CAN2_SCE_IRQHandler
                0x08000438                DMA2_Stream2_IRQHandler
                0x08000438                SPI1_IRQHandler
                0x08000438                TIM6_DAC_IRQHandler
                0x08000438                TIM1_BRK_TIM9_IRQHandler
                0x08000438                DCMI_IRQHandler
                0x08000438                CAN2_RX0_IRQHandler
                0x08000438                DMA2_Stream3_IRQHandler
                0x08000438                USART6_IRQHandler
                0x08000438                USART3_IRQHandler
                0x08000438                CRYP_IRQHandler
                0x08000438                CAN1_RX1_IRQHandler
                0x08000438                UART5_IRQHandler
                0x08000438                DMA2_Stream0_IRQHandler
                0x08000438                TIM4_IRQHandler
                0x08000438                I2C1_EV_IRQHandler
                0x08000438                DMA1_Stream6_IRQHandler
                0x08000438                DMA1_Stream1_IRQHandler
                0x08000438                UART4_IRQHandler
                0x08000438                TIM3_IRQHandler
                0x08000438                RCC_IRQHandler
                0x08000438                TIM8_BRK_TIM12_IRQHandler
                0x08000438                Default_Handler
                0x08000438                EXTI15_10_IRQHandler
                0x08000438                ADC_IRQHandler
                0x08000438                DMA1_Stream7_IRQHandler
                0x08000438                TIM7_IRQHandler
                0x08000438                CAN2_TX_IRQHandler
                0x08000438                TIM5_IRQHandler
                0x08000438                DMA2_Stream7_IRQHandler
                0x08000438                I2C3_EV_IRQHandler
                0x08000438                EXTI9_5_IRQHandler
                0x08000438                RTC_WKUP_IRQHandler
                0x08000438                ETH_WKUP_IRQHandler
                0x08000438                SPI2_IRQHandler
                0x08000438                OTG_HS_EP1_IN_IRQHandler
                0x08000438                MemManage_Handler
                0x08000438                DMA1_Stream0_IRQHandler
                0x08000438                CAN1_TX_IRQHandler
                0x08000438                SVC_Handler
                0x08000438                EXTI4_IRQHandler
                0x08000438                FSMC_IRQHandler
                0x08000438                ETH_IRQHandler
                0x08000438                OTG_HS_EP1_OUT_IRQHandler
                0x08000438                WWDG_IRQHandler
                0x08000438                TIM2_IRQHandler
                0x08000438                OTG_FS_WKUP_IRQHandler
                0x08000438                TIM1_TRG_COM_TIM11_IRQHandler
                0x08000438                OTG_HS_IRQHandler
                0x08000438                EXTI1_IRQHandler
                0x08000438                USART2_IRQHandler
                0x08000438                I2C2_ER_IRQHandler
                0x08000438                DMA2_Stream1_IRQHandler
                0x08000438                CAN1_SCE_IRQHandler
                0x08000438                DMA2_Stream4_IRQHandler
                0x08000438                BusFault_Handler
                0x08000438                USART1_IRQHandler
                0x08000438                OTG_FS_IRQHandler
                0x08000438                SPI3_IRQHandler
                0x08000438                DMA1_Stream4_IRQHandler
                0x08000438                I2C1_ER_IRQHandler
                0x08000438                DMA2_Stream6_IRQHandler
                0x08000438                DMA1_Stream3_IRQHandler
 *fill*         0x0800043a        0x2 
 .text.__libc_init_array
                0x0800043c       0x48 C:/ST/STM32CubeIDE_1.19.0/STM32CubeIDE/plugins/com.st.stm32cube.ide.mcu.externaltools.gnu-tools-for-stm32.13.3.rel1.win32_1.0.0.202411081344/tools/bin/../lib/gcc/arm-none-eabi/13.3.1/../../../../arm-none-eabi/lib/thumb/v7e-m/nofp\libc_nano.a(libc_a-init.o)
                0x0800043c                __libc_init_array
 *(.glue_7)
 .glue_7        0x08000484        0x0 linker stubs
 *(.glue_7t)
 .glue_7t       0x08000484        0x0 linker stubs
 *(.eh_frame)
 .eh_frame      0x08000484        0x0 C:/ST/STM32CubeIDE_1.19.0/STM32CubeIDE/plugins/com.st.stm32cube.ide.mcu.externaltools.gnu-tools-for-stm32.13.3.rel1.win32_1.0.0.202411081344/tools/bin/../lib/gcc/arm-none-eabi/13.3.1/thumb/v7e-m/nofp/crtbegin.o
 *(.init)
 .init          0x08000484        0x4 C:/ST/STM32CubeIDE_1.19.0/STM32CubeIDE/plugins/com.st.stm32cube.ide.mcu.externaltools.gnu-tools-for-stm32.13.3.rel1.win32_1.0.0.202411081344/tools/bin/../lib/gcc/arm-none-eabi/13.3.1/thumb/v7e-m/nofp/crti.o
                0x08000484                _init
 .init          0x08000488        0x8 C:/ST/STM32CubeIDE_1.19.0/STM32CubeIDE/plugins/com.st.stm32cube.ide.mcu.externaltools.gnu-tools-for-stm32.13.3.rel1.win32_1.0.0.202411081344/tools/bin/../lib/gcc/arm-none-eabi/13.3.1/thumb/v7e-m/nofp/crtn.o
 *(.fini)
 .fini          0x08000490        0x4 C:/ST/STM32CubeIDE_1.19.0/STM32CubeIDE/plugins/com.st.stm32cube.ide.mcu.externaltools.gnu-tools-for-stm32.13.3.rel1.win32_1.0.0.202411081344/tools/bin/../lib/gcc/arm-none-eabi/13.3.1/thumb/v7e-m/nofp/crti.o
                0x08000490                _fini
 .fini          0x08000494        0x8 C:/ST/STM32CubeIDE_1.19.0/STM32CubeIDE/plugins/com.st.stm32cube.ide.mcu.externaltools.gnu-tools-for-stm32.13.3.rel1.win32_1.0.0.202411081344/tools/bin/../lib/gcc/arm-none-eabi/13.3.1/thumb/v7e-m/nofp/crtn.o
                0x0800049c                        . = ALIGN (0x4)
                0x0800049c                        _etext = .

.vfp11_veneer   0x0800049c        0x0
 .vfp11_veneer  0x0800049c        0x0 linker stubs

.v4_bx          0x0800049c        0x0
 .v4_bx         0x0800049c        0x0 linker stubs

.iplt           0x0800049c        0x0
 .iplt          0x0800049c        0x0 C:/ST/STM32CubeIDE_1.19.0/STM32CubeIDE/plugins/com.st.stm32cube.ide.mcu.externaltools.gnu-tools-for-stm32.13.3.rel1.win32_1.0.0.202411081344/tools/bin/../lib/gcc/arm-none-eabi/13.3.1/thumb/v7e-m/nofp/crtbegin.o

.rodata         0x0800049c        0x0
                0x0800049c                        . = ALIGN (0x4)
 *(.rodata)
 *(.rodata*)
                0x0800049c                        . = ALIGN (0x4)

.ARM.extab      0x0800049c        0x0
                0x0800049c                        . = ALIGN (0x4)
 *(.ARM.extab* .gnu.linkonce.armextab.*)
                0x0800049c                        . = ALIGN (0x4)

.ARM            0x0800049c        0x0
                0x0800049c                        . = ALIGN (0x4)
                0x0800049c                        __exidx_start = .
 *(.ARM.exidx*)
                0x0800049c                        __exidx_end = .
                0x0800049c                        . = ALIGN (0x4)

.preinit_array  0x0800049c        0x0
                0x0800049c                        . = ALIGN (0x4)
                0x0800049c                        PROVIDE (__preinit_array_start = .)
 *(.preinit_array*)
                0x0800049c                        PROVIDE (__preinit_array_end = .)
                0x0800049c                        . = ALIGN (0x4)

.init_array     0x0800049c        0x4
                0x0800049c                        . = ALIGN (0x4)
                0x0800049c                        PROVIDE (__init_array_start = .)
 *(SORT_BY_NAME(.init_array.*))
 *(.init_array*)
 .init_array    0x0800049c        0x4 C:/ST/STM32CubeIDE_1.19.0/STM32CubeIDE/plugins/com.st.stm32cube.ide.mcu.externaltools.gnu-tools-for-stm32.13.3.rel1.win32_1.0.0.202411081344/tools/bin/../lib/gcc/arm-none-eabi/13.3.1/thumb/v7e-m/nofp/crtbegin.o
                0x080004a0                        PROVIDE (__init_array_end = .)
                0x080004a0                        . = ALIGN (0x4)

.fini_array     0x080004a0        0x4
                0x080004a0                        . = ALIGN (0x4)
                [!provide]                        PROVIDE (__fini_array_start = .)
 *(SORT_BY_NAME(.fini_array.*))
 *(.fini_array*)
 .fini_array    0x080004a0        0x4 C:/ST/STM32CubeIDE_1.19.0/STM32CubeIDE/plugins/com.st.stm32cube.ide.mcu.externaltools.gnu-tools-for-stm32.13.3.rel1.win32_1.0.0.202411081344/tools/bin/../lib/gcc/arm-none-eabi/13.3.1/thumb/v7e-m/nofp/crtbegin.o
                [!provide]                        PROVIDE (__fini_array_end = .)
                0x080004a4                        . = ALIGN (0x4)
                0x080004a4                        _sidata = LOADADDR (.data)

.rel.dyn        0x080004a4        0x0
 .rel.iplt      0x080004a4        0x0 C:/ST/STM32CubeIDE_1.19.0/STM32CubeIDE/plugins/com.st.stm32cube.ide.mcu.externaltools.gnu-tools-for-stm32.13.3.rel1.win32_1.0.0.202411081344/tools/bin/../lib/gcc/arm-none-eabi/13.3.1/thumb/v7e-m/nofp/crtbegin.o

.data           0x20000000        0x0 load address 0x080004a4
                0x20000000                        . = ALIGN (0x4)
                0x20000000                        _sdata = .
 *(.data)
 *(.data*)
 *(.RamFunc)
 *(.RamFunc*)
                0x20000000                        . = ALIGN (0x4)
                0x20000000                        _edata = .
                0x080004a4                        _siccmram = LOADADDR (.ccmram)

.igot.plt       0x20000000        0x0 load address 0x080004a4
 .igot.plt      0x20000000        0x0 C:/ST/STM32CubeIDE_1.19.0/STM32CubeIDE/plugins/com.st.stm32cube.ide.mcu.externaltools.gnu-tools-for-stm32.13.3.rel1.win32_1.0.0.202411081344/tools/bin/../lib/gcc/arm-none-eabi/13.3.1/thumb/v7e-m/nofp/crtbegin.o

.ccmram         0x10000000        0x0 load address 0x080004a4
                0x10000000                        . = ALIGN (0x4)
                0x10000000                        _sccmram = .
 *(.ccmram)
 *(.ccmram*)
                0x10000000                        . = ALIGN (0x4)
                0x10000000                        _eccmram = .
                0x10000000                        . = ALIGN (0x4)

.bss            0x20000000       0x1c
                0x20000000                        _sbss = .
                0x20000000                        __bss_start__ = _sbss
 *(.bss)
 .bss           0x20000000       0x1c C:/ST/STM32CubeIDE_1.19.0/STM32CubeIDE/plugins/com.st.stm32cube.ide.mcu.externaltools.gnu-tools-for-stm32.13.3.rel1.win32_1.0.0.202411081344/tools/bin/../lib/gcc/arm-none-eabi/13.3.1/thumb/v7e-m/nofp/crtbegin.o
 *(.bss*)
 *(COMMON)
                0x2000001c                        . = ALIGN (0x4)
                0x2000001c                        _ebss = .
                0x2000001c                        __bss_end__ = _ebss

._user_heap_stack
                0x2000001c      0x604
                0x20000020                        . = ALIGN (0x8)
 *fill*         0x2000001c        0x4 
                [!provide]                        PROVIDE (end = .)
                0x20000020                        PROVIDE (_end = .)
                0x20000220                        . = (. + _Min_Heap_Size)
 *fill*         0x20000020      0x200 
                0x20000620                        . = (. + _Min_Stack_Size)
 *fill*         0x20000220      0x400 
                0x20000620                        . = ALIGN (0x8)

/DISCARD/
 libc.a(*)
 libm.a(*)
 libgcc.a(*)

.ARM.attributes
                0x00000000       0x2a
 *(.ARM.attributes)
 .ARM.attributes
                0x00000000       0x1e C:/ST/STM32CubeIDE_1.19.0/STM32CubeIDE/plugins/com.st.stm32cube.ide.mcu.externaltools.gnu-tools-for-stm32.13.3.rel1.win32_1.0.0.202411081344/tools/bin/../lib/gcc/arm-none-eabi/13.3.1/thumb/v7e-m/nofp/crti.o
 .ARM.attributes
                0x0000001e       0x2e C:/ST/STM32CubeIDE_1.19.0/STM32CubeIDE/plugins/com.st.stm32cube.ide.mcu.externaltools.gnu-tools-for-stm32.13.3.rel1.win32_1.0.0.202411081344/tools/bin/../lib/gcc/arm-none-eabi/13.3.1/thumb/v7e-m/nofp/crtbegin.o
 .ARM.attributes
                0x0000004c       0x2e ./Src/main.o
 .ARM.attributes
                0x0000007a       0x2e ./Src/my_led_seq.o
 .ARM.attributes
                0x000000a8       0x2e ./Src/system_stm32f4xx.o
 .ARM.attributes
                0x000000d6       0x21 ./Startup/startup_stm32f407vgtx.o
 .ARM.attributes
                0x000000f7       0x2e C:/ST/STM32CubeIDE_1.19.0/STM32CubeIDE/plugins/com.st.stm32cube.ide.mcu.externaltools.gnu-tools-for-stm32.13.3.rel1.win32_1.0.0.202411081344/tools/bin/../lib/gcc/arm-none-eabi/13.3.1/../../../../arm-none-eabi/lib/thumb/v7e-m/nofp\libc_nano.a(libc_a-init.o)
 .ARM.attributes
                0x00000125       0x1e C:/ST/STM32CubeIDE_1.19.0/STM32CubeIDE/plugins/com.st.stm32cube.ide.mcu.externaltools.gnu-tools-for-stm32.13.3.rel1.win32_1.0.0.202411081344/tools/bin/../lib/gcc/arm-none-eabi/13.3.1/thumb/v7e-m/nofp/crtn.o
OUTPUT(Q3_ASSI_4.elf elf32-littlearm)
LOAD linker stubs
LOAD C:/ST/STM32CubeIDE_1.19.0/STM32CubeIDE/plugins/com.st.stm32cube.ide.mcu.externaltools.gnu-tools-for-stm32.13.3.rel1.win32_1.0.0.202411081344/tools/bin/../lib/gcc/arm-none-eabi/13.3.1/../../../../arm-none-eabi/lib/thumb/v7e-m/nofp\libc.a
LOAD C:/ST/STM32CubeIDE_1.19.0/STM32CubeIDE/plugins/com.st.stm32cube.ide.mcu.externaltools.gnu-tools-for-stm32.13.3.rel1.win32_1.0.0.202411081344/tools/bin/../lib/gcc/arm-none-eabi/13.3.1/../../../../arm-none-eabi/lib/thumb/v7e-m/nofp\libm.a
LOAD C:/ST/STM32CubeIDE_1.19.0/STM32CubeIDE/plugins/com.st.stm32cube.ide.mcu.externaltools.gnu-tools-for-stm32.13.3.rel1.win32_1.0.0.202411081344/tools/bin/../lib/gcc/arm-none-eabi/13.3.1/thumb/v7e-m/nofp\libgcc.a

.debug_info     0x00000000      0x9ae
 .debug_info    0x00000000      0x11e ./Src/main.o
 .debug_info    0x0000011e      0x31a ./Src/my_led_seq.o
 .debug_info    0x00000438      0x546 ./Src/system_stm32f4xx.o
 .debug_info    0x0000097e       0x30 ./Startup/startup_stm32f407vgtx.o

.debug_abbrev   0x00000000      0x329
 .debug_abbrev  0x00000000       0xcf ./Src/main.o
 .debug_abbrev  0x000000cf       0xd3 ./Src/my_led_seq.o
 .debug_abbrev  0x000001a2      0x163 ./Src/system_stm32f4xx.o
 .debug_abbrev  0x00000305       0x24 ./Startup/startup_stm32f407vgtx.o

.debug_aranges  0x00000000       0xc8
 .debug_aranges
                0x00000000       0x28 ./Src/main.o
 .debug_aranges
                0x00000028       0x40 ./Src/my_led_seq.o
 .debug_aranges
                0x00000068       0x38 ./Src/system_stm32f4xx.o
 .debug_aranges
                0x000000a0       0x28 ./Startup/startup_stm32f407vgtx.o

.debug_rnglists
                0x00000000       0x84
 .debug_rnglists
                0x00000000       0x19 ./Src/main.o
 .debug_rnglists
                0x00000019       0x2c ./Src/my_led_seq.o
 .debug_rnglists
                0x00000045       0x26 ./Src/system_stm32f4xx.o
 .debug_rnglists
                0x0000006b       0x19 ./Startup/startup_stm32f407vgtx.o

.debug_macro    0x00000000    0x173d7
 .debug_macro   0x00000000       0xd8 ./Src/main.o
 .debug_macro   0x000000d8       0x2e ./Src/main.o
 .debug_macro   0x00000106       0x2f ./Src/main.o
 .debug_macro   0x00000135       0x1c ./Src/main.o
 .debug_macro   0x00000151       0x22 ./Src/main.o
 .debug_macro   0x00000173       0xd9 ./Src/main.o
 .debug_macro   0x0000024c     0x102d ./Src/main.o
 .debug_macro   0x00001279      0x11f ./Src/main.o
 .debug_macro   0x00001398    0x15e3c ./Src/main.o
 .debug_macro   0x000171d4       0x4a ./Src/main.o
 .debug_macro   0x0001721e       0xd8 ./Src/my_led_seq.o
 .debug_macro   0x000172f6       0xe1 ./Src/system_stm32f4xx.o

.debug_line     0x00000000     0x1065
 .debug_line    0x00000000      0x505 ./Src/main.o
 .debug_line    0x00000505      0x55a ./Src/my_led_seq.o
 .debug_line    0x00000a5f      0x58b ./Src/system_stm32f4xx.o
 .debug_line    0x00000fea       0x7b ./Startup/startup_stm32f407vgtx.o

.debug_str      0x00000000    0x87de7
 .debug_str     0x00000000    0x87de7 ./Src/main.o
                              0x87c22 (size before relaxing)
 .debug_str     0x00087de7    0x87d37 ./Src/my_led_seq.o
 .debug_str     0x00087de7    0x87e4f ./Src/system_stm32f4xx.o
 .debug_str     0x00087de7       0x9a ./Startup/startup_stm32f407vgtx.o

.comment        0x00000000       0x43
 .comment       0x00000000       0x43 ./Src/main.o
                                 0x44 (size before relaxing)
 .comment       0x00000043       0x44 ./Src/my_led_seq.o
 .comment       0x00000043       0x44 ./Src/system_stm32f4xx.o

.debug_frame    0x00000000      0x1b8
 .debug_frame   0x00000000       0x58 ./Src/main.o
 .debug_frame   0x00000058       0xb0 ./Src/my_led_seq.o
 .debug_frame   0x00000108       0x84 ./Src/system_stm32f4xx.o
 .debug_frame   0x0000018c       0x2c C:/ST/STM32CubeIDE_1.19.0/STM32CubeIDE/plugins/com.st.stm32cube.ide.mcu.externaltools.gnu-tools-for-stm32.13.3.rel1.win32_1.0.0.202411081344/tools/bin/../lib/gcc/arm-none-eabi/13.3.1/../../../../arm-none-eabi/lib/thumb/v7e-m/nofp\libc_nano.a(libc_a-init.o)

.debug_loclists
                0x00000000       0x25
 .debug_loclists
                0x00000000       0x25 ./Src/system_stm32f4xx.o

.debug_line_str
                0x00000000       0x7e
 .debug_line_str
                0x00000000       0x7e ./Startup/startup_stm32f407vgtx.o
